Created by PLY version 3.11 (http://www.dabeaz.com/ply)

Grammar

Rule 0     S' -> expression
Rule 1     expression -> expression PLUS expression
Rule 2     expression -> expression MINUS expression
Rule 3     expression -> expression TIMES expression
Rule 4     expression -> expression DIVIDE expression
Rule 5     expression -> NUMBER

Terminals, with rules where they appear

DIVIDE               : 4
MINUS                : 2
NUMBER               : 5
PLUS                 : 1
TIMES                : 3
error                : 

Nonterminals, with rules where they appear

expression           : 1 1 2 2 3 3 4 4 0

Parsing method: LALR

state 0

    (0) S' -> . expression
    (1) expression -> . expression PLUS expression
    (2) expression -> . expression MINUS expression
    (3) expression -> . expression TIMES expression
    (4) expression -> . expression DIVIDE expression
    (5) expression -> . NUMBER

    NUMBER          shift and go to state 2

    expression                     shift and go to state 1

state 1

    (0) S' -> expression .
    (1) expression -> expression . PLUS expression
    (2) expression -> expression . MINUS expression
    (3) expression -> expression . TIMES expression
    (4) expression -> expression . DIVIDE expression

    PLUS            shift and go to state 3
    MINUS           shift and go to state 4
    TIMES           shift and go to state 5
    DIVIDE          shift and go to state 6


state 2

    (5) expression -> NUMBER .

    PLUS            reduce using rule 5 (expression -> NUMBER .)
    MINUS           reduce using rule 5 (expression -> NUMBER .)
    TIMES           reduce using rule 5 (expression -> NUMBER .)
    DIVIDE          reduce using rule 5 (expression -> NUMBER .)
    $end            reduce using rule 5 (expression -> NUMBER .)


state 3

    (1) expression -> expression PLUS . expression
    (1) expression -> . expression PLUS expression
    (2) expression -> . expression MINUS expression
    (3) expression -> . expression TIMES expression
    (4) expression -> . expression DIVIDE expression
    (5) expression -> . NUMBER

    NUMBER          shift and go to state 2

    expression                     shift and go to state 7

state 4

    (2) expression -> expression MINUS . expression
    (1) expression -> . expression PLUS expression
    (2) expression -> . expression MINUS expression
    (3) expression -> . expression TIMES expression
    (4) expression -> . expression DIVIDE expression
    (5) expression -> . NUMBER

    NUMBER          shift and go to state 2

    expression                     shift and go to state 8

state 5

    (3) expression -> expression TIMES . expression
    (1) expression -> . expression PLUS expression
    (2) expression -> . expression MINUS expression
    (3) expression -> . expression TIMES expression
    (4) expression -> . expression DIVIDE expression
    (5) expression -> . NUMBER

    NUMBER          shift and go to state 2

    expression                     shift and go to state 9

state 6

    (4) expression -> expression DIVIDE . expression
    (1) expression -> . expression PLUS expression
    (2) expression -> . expression MINUS expression
    (3) expression -> . expression TIMES expression
    (4) expression -> . expression DIVIDE expression
    (5) expression -> . NUMBER

    NUMBER          shift and go to state 2

    expression                     shift and go to state 10

state 7

    (1) expression -> expression PLUS expression .
    (1) expression -> expression . PLUS expression
    (2) expression -> expression . MINUS expression
    (3) expression -> expression . TIMES expression
    (4) expression -> expression . DIVIDE expression

    PLUS            reduce using rule 1 (expression -> expression PLUS expression .)
    MINUS           reduce using rule 1 (expression -> expression PLUS expression .)
    $end            reduce using rule 1 (expression -> expression PLUS expression .)
    TIMES           shift and go to state 5
    DIVIDE          shift and go to state 6

  ! TIMES           [ reduce using rule 1 (expression -> expression PLUS expression .) ]
  ! DIVIDE          [ reduce using rule 1 (expression -> expression PLUS expression .) ]
  ! PLUS            [ shift and go to state 3 ]
  ! MINUS           [ shift and go to state 4 ]


state 8

    (2) expression -> expression MINUS expression .
    (1) expression -> expression . PLUS expression
    (2) expression -> expression . MINUS expression
    (3) expression -> expression . TIMES expression
    (4) expression -> expression . DIVIDE expression

    PLUS            reduce using rule 2 (expression -> expression MINUS expression .)
    MINUS           reduce using rule 2 (expression -> expression MINUS expression .)
    $end            reduce using rule 2 (expression -> expression MINUS expression .)
    TIMES           shift and go to state 5
    DIVIDE          shift and go to state 6

  ! TIMES           [ reduce using rule 2 (expression -> expression MINUS expression .) ]
  ! DIVIDE          [ reduce using rule 2 (expression -> expression MINUS expression .) ]
  ! PLUS            [ shift and go to state 3 ]
  ! MINUS           [ shift and go to state 4 ]


state 9

    (3) expression -> expression TIMES expression .
    (1) expression -> expression . PLUS expression
    (2) expression -> expression . MINUS expression
    (3) expression -> expression . TIMES expression
    (4) expression -> expression . DIVIDE expression

    PLUS            reduce using rule 3 (expression -> expression TIMES expression .)
    MINUS           reduce using rule 3 (expression -> expression TIMES expression .)
    TIMES           reduce using rule 3 (expression -> expression TIMES expression .)
    DIVIDE          reduce using rule 3 (expression -> expression TIMES expression .)
    $end            reduce using rule 3 (expression -> expression TIMES expression .)

  ! PLUS            [ shift and go to state 3 ]
  ! MINUS           [ shift and go to state 4 ]
  ! TIMES           [ shift and go to state 5 ]
  ! DIVIDE          [ shift and go to state 6 ]


state 10

    (4) expression -> expression DIVIDE expression .
    (1) expression -> expression . PLUS expression
    (2) expression -> expression . MINUS expression
    (3) expression -> expression . TIMES expression
    (4) expression -> expression . DIVIDE expression

    PLUS            reduce using rule 4 (expression -> expression DIVIDE expression .)
    MINUS           reduce using rule 4 (expression -> expression DIVIDE expression .)
    TIMES           reduce using rule 4 (expression -> expression DIVIDE expression .)
    DIVIDE          reduce using rule 4 (expression -> expression DIVIDE expression .)
    $end            reduce using rule 4 (expression -> expression DIVIDE expression .)

  ! PLUS            [ shift and go to state 3 ]
  ! MINUS           [ shift and go to state 4 ]
  ! TIMES           [ shift and go to state 5 ]
  ! DIVIDE          [ shift and go to state 6 ]

